Archive member included because of file (symbol)

c:/winavr/bin/../lib/gcc/avr/4.3.3/avr4\libgcc.a(_exit.o)
                              c:/winavr/bin/../lib/gcc/avr/4.3.3/../../../../avr/lib/avr4/crtm8.o (exit)
c:/winavr/bin/../lib/gcc/avr/4.3.3/avr4\libgcc.a(_copy_data.o)
                              prj//main.o (__do_copy_data)
c:/winavr/bin/../lib/gcc/avr/4.3.3/avr4\libgcc.a(_clear_bss.o)
                              prj//main.o (__do_clear_bss)
c:/winavr/bin/../lib/gcc/avr/4.3.3/../../../../avr/lib/avr4\libc.a(eerd_byte_atmega8.o)
                              prj//main.o (__eerd_byte_m8)
c:/winavr/bin/../lib/gcc/avr/4.3.3/../../../../avr/lib/avr4\libc.a(eerd_word_atmega8.o)
                              prj//main.o (__eerd_word_m8)
c:/winavr/bin/../lib/gcc/avr/4.3.3/../../../../avr/lib/avr4\libc.a(eerd_block_atmega8.o)
                              c:/winavr/bin/../lib/gcc/avr/4.3.3/../../../../avr/lib/avr4\libc.a(eerd_word_atmega8.o) (__eerd_blraw_m8)

Allocating common symbols
Common symbol       size              file

sec_one             0x1               prj//main.o
msec                0x2               prj//main.o
min_ten             0x1               prj//main.o
sec_ten             0x1               prj//main.o
hour_ten            0x1               prj//main.o
min_one             0x1               prj//main.o
hour_one            0x1               prj//main.o

Memory Configuration

Name             Origin             Length             Attributes
text             0x00000000         0x00002000         xr
data             0x00800060         0x0000ffa0         rw !x
eeprom           0x00810000         0x00010000         rw !x
fuse             0x00820000         0x00000400         rw !x
lock             0x00830000         0x00000400         rw !x
signature        0x00840000         0x00000400         rw !x
*default*        0x00000000         0xffffffff

Linker script and memory map

LOAD c:/winavr/bin/../lib/gcc/avr/4.3.3/../../../../avr/lib/avr4/crtm8.o
LOAD prj//main.o
LOAD prj//lcd.o
LOAD prj//i2c.o
LOAD c:/winavr/bin/../lib/gcc/avr/4.3.3/../../../../avr/lib/avr4\libm.a
LOAD c:/winavr/bin/../lib/gcc/avr/4.3.3/avr4\libgcc.a
LOAD c:/winavr/bin/../lib/gcc/avr/4.3.3/../../../../avr/lib/avr4\libc.a
LOAD c:/winavr/bin/../lib/gcc/avr/4.3.3/avr4\libgcc.a

.hash
 *(.hash)

.dynsym
 *(.dynsym)

.dynstr
 *(.dynstr)

.gnu.version
 *(.gnu.version)

.gnu.version_d
 *(.gnu.version_d)

.gnu.version_r
 *(.gnu.version_r)

.rel.init
 *(.rel.init)

.rela.init
 *(.rela.init)

.rel.text
 *(.rel.text)
 *(.rel.text.*)
 *(.rel.gnu.linkonce.t*)

.rela.text
 *(.rela.text)
 *(.rela.text.*)
 *(.rela.gnu.linkonce.t*)

.rel.fini
 *(.rel.fini)

.rela.fini
 *(.rela.fini)

.rel.rodata
 *(.rel.rodata)
 *(.rel.rodata.*)
 *(.rel.gnu.linkonce.r*)

.rela.rodata
 *(.rela.rodata)
 *(.rela.rodata.*)
 *(.rela.gnu.linkonce.r*)

.rel.data
 *(.rel.data)
 *(.rel.data.*)
 *(.rel.gnu.linkonce.d*)

.rela.data
 *(.rela.data)
 *(.rela.data.*)
 *(.rela.gnu.linkonce.d*)

.rel.ctors
 *(.rel.ctors)

.rela.ctors
 *(.rela.ctors)

.rel.dtors
 *(.rel.dtors)

.rela.dtors
 *(.rela.dtors)

.rel.got
 *(.rel.got)

.rela.got
 *(.rela.got)

.rel.bss
 *(.rel.bss)

.rela.bss
 *(.rela.bss)

.rel.plt
 *(.rel.plt)

.rela.plt
 *(.rela.plt)

.text           0x00000000      0xcb2
 *(.vectors)
 .vectors       0x00000000       0x26 c:/winavr/bin/../lib/gcc/avr/4.3.3/../../../../avr/lib/avr4/crtm8.o
                0x00000000                __vectors
                0x00000000                __vector_default
 *(.vectors)
 *(.progmem.gcc*)
 *(.progmem*)
 .progmem.data  0x00000026      0x582 prj//lcd.o
                0x000005a8                . = ALIGN (0x2)
                0x000005a8                __trampolines_start = .
 *(.trampolines)
 .trampolines   0x000005a8        0x0 linker stubs
 *(.trampolines*)
                0x000005a8                __trampolines_end = .
 *(.jumptables)
 *(.jumptables*)
 *(.lowtext)
 *(.lowtext*)
                0x000005a8                __ctors_start = .
 *(.ctors)
                0x000005a8                __ctors_end = .
                0x000005a8                __dtors_start = .
 *(.dtors)
                0x000005a8                __dtors_end = .
 SORT(*)(.ctors)
 SORT(*)(.dtors)
 *(.init0)
 .init0         0x000005a8        0x0 c:/winavr/bin/../lib/gcc/avr/4.3.3/../../../../avr/lib/avr4/crtm8.o
                0x000005a8                __init
 *(.init0)
 *(.init1)
 *(.init1)
 *(.init2)
 .init2         0x000005a8        0xc c:/winavr/bin/../lib/gcc/avr/4.3.3/../../../../avr/lib/avr4/crtm8.o
 *(.init2)
 *(.init3)
 *(.init3)
 *(.init4)
 .init4         0x000005b4       0x16 c:/winavr/bin/../lib/gcc/avr/4.3.3/avr4\libgcc.a(_copy_data.o)
                0x000005b4                __do_copy_data
 .init4         0x000005ca       0x10 c:/winavr/bin/../lib/gcc/avr/4.3.3/avr4\libgcc.a(_clear_bss.o)
                0x000005ca                __do_clear_bss
 *(.init4)
 *(.init5)
 *(.init5)
 *(.init6)
 *(.init6)
 *(.init7)
 *(.init7)
 *(.init8)
 *(.init8)
 *(.init9)
 .init9         0x000005da        0x4 c:/winavr/bin/../lib/gcc/avr/4.3.3/../../../../avr/lib/avr4/crtm8.o
 *(.init9)
 *(.text)
 .text          0x000005de        0x2 c:/winavr/bin/../lib/gcc/avr/4.3.3/../../../../avr/lib/avr4/crtm8.o
                0x000005de                __vector_1
                0x000005de                __vector_12
                0x000005de                __bad_interrupt
                0x000005de                __vector_3
                0x000005de                __vector_11
                0x000005de                __vector_13
                0x000005de                __vector_17
                0x000005de                __vector_7
                0x000005de                __vector_5
                0x000005de                __vector_4
                0x000005de                __vector_9
                0x000005de                __vector_2
                0x000005de                __vector_15
                0x000005de                __vector_8
                0x000005de                __vector_14
                0x000005de                __vector_10
                0x000005de                __vector_16
                0x000005de                __vector_18
 .text          0x000005e0      0x1c0 prj//main.o
                0x00000654                __vector_6
                0x000005e0                main
 .text          0x000007a0      0x48e prj//lcd.o
                0x00000810                lcd_data
                0x000008c8                lcd_gotoxy
                0x000007a0                lcd_putc
                0x000008a4                lcd_invert
                0x00000902                lcd_home
                0x0000090a                lcd_clrscr
                0x00000a16                lcd_update_4
                0x000007f8                lcd_puts
                0x00000930                lcd_clear_bigc
                0x000007de                lcd_puts_p
                0x00000bd6                lcd_init
                0x00000ad8                lcd_update_6
                0x00000848                lcd_command
                0x00000970                lcd_put_bigc
                0x00000882                lcd_set_contrast
 .text          0x00000c2e       0x46 prj//i2c.o
                0x00000c60                lcd_send_i2c_stop
                0x00000c66                lcd_send_i2c_byte
                0x00000c2e                i2c_init
                0x00000c46                lcd_send_i2c_start
 .text          0x00000c74        0x0 c:/winavr/bin/../lib/gcc/avr/4.3.3/avr4\libgcc.a(_exit.o)
 .text          0x00000c74        0x0 c:/winavr/bin/../lib/gcc/avr/4.3.3/avr4\libgcc.a(_copy_data.o)
 .text          0x00000c74        0x0 c:/winavr/bin/../lib/gcc/avr/4.3.3/avr4\libgcc.a(_clear_bss.o)
 .text          0x00000c74        0x0 c:/winavr/bin/../lib/gcc/avr/4.3.3/../../../../avr/lib/avr4\libc.a(eerd_byte_atmega8.o)
 .text          0x00000c74        0x0 c:/winavr/bin/../lib/gcc/avr/4.3.3/../../../../avr/lib/avr4\libc.a(eerd_word_atmega8.o)
 .text          0x00000c74        0x0 c:/winavr/bin/../lib/gcc/avr/4.3.3/../../../../avr/lib/avr4\libc.a(eerd_block_atmega8.o)
                0x00000c74                . = ALIGN (0x2)
 *(.text.*)
 .text.libgcc   0x00000c74        0x0 c:/winavr/bin/../lib/gcc/avr/4.3.3/avr4\libgcc.a(_exit.o)
 .text.libgcc   0x00000c74        0x0 c:/winavr/bin/../lib/gcc/avr/4.3.3/avr4\libgcc.a(_copy_data.o)
 .text.libgcc   0x00000c74        0x0 c:/winavr/bin/../lib/gcc/avr/4.3.3/avr4\libgcc.a(_clear_bss.o)
 .text.avr-libc
                0x00000c74       0x10 c:/winavr/bin/../lib/gcc/avr/4.3.3/../../../../avr/lib/avr4\libc.a(eerd_byte_atmega8.o)
                0x00000c74                __eerd_byte_m8
 .text.avr-libc
                0x00000c84        0xa c:/winavr/bin/../lib/gcc/avr/4.3.3/../../../../avr/lib/avr4\libc.a(eerd_word_atmega8.o)
                0x00000c84                __eerd_word_m8
 .text.avr-libc
                0x00000c8e       0x20 c:/winavr/bin/../lib/gcc/avr/4.3.3/../../../../avr/lib/avr4\libc.a(eerd_block_atmega8.o)
                0x00000c92                __eerd_blraw_m8
                0x00000c8e                __eerd_block_m8
                0x00000cae                . = ALIGN (0x2)
 *(.fini9)
 .fini9         0x00000cae        0x0 c:/winavr/bin/../lib/gcc/avr/4.3.3/avr4\libgcc.a(_exit.o)
                0x00000cae                exit
                0x00000cae                _exit
 *(.fini9)
 *(.fini8)
 *(.fini8)
 *(.fini7)
 *(.fini7)
 *(.fini6)
 *(.fini6)
 *(.fini5)
 *(.fini5)
 *(.fini4)
 *(.fini4)
 *(.fini3)
 *(.fini3)
 *(.fini2)
 *(.fini2)
 *(.fini1)
 *(.fini1)
 *(.fini0)
 .fini0         0x00000cae        0x4 c:/winavr/bin/../lib/gcc/avr/4.3.3/avr4\libgcc.a(_exit.o)
 *(.fini0)
                0x00000cb2                _etext = .

.data           0x00800060       0x46 load address 0x00000cb2
                0x00800060                PROVIDE (__data_start, .)
 *(.data)
 .data          0x00800060        0x0 c:/winavr/bin/../lib/gcc/avr/4.3.3/../../../../avr/lib/avr4/crtm8.o
 .data          0x00800060       0x27 prj//main.o
                0x00800084                timer_cal_div
                0x00800085                timer_reg_val
                0x00800082                timer_cal_val
 .data          0x00800087       0x1f prj//lcd.o
 .data          0x008000a6        0x0 prj//i2c.o
 .data          0x008000a6        0x0 c:/winavr/bin/../lib/gcc/avr/4.3.3/avr4\libgcc.a(_exit.o)
 .data          0x008000a6        0x0 c:/winavr/bin/../lib/gcc/avr/4.3.3/avr4\libgcc.a(_copy_data.o)
 .data          0x008000a6        0x0 c:/winavr/bin/../lib/gcc/avr/4.3.3/avr4\libgcc.a(_clear_bss.o)
 .data          0x008000a6        0x0 c:/winavr/bin/../lib/gcc/avr/4.3.3/../../../../avr/lib/avr4\libc.a(eerd_byte_atmega8.o)
 .data          0x008000a6        0x0 c:/winavr/bin/../lib/gcc/avr/4.3.3/../../../../avr/lib/avr4\libc.a(eerd_word_atmega8.o)
 .data          0x008000a6        0x0 c:/winavr/bin/../lib/gcc/avr/4.3.3/../../../../avr/lib/avr4\libc.a(eerd_block_atmega8.o)
 *(.data*)
 *(.rodata)
 *(.rodata*)
 *(.gnu.linkonce.d*)
                0x008000a6                . = ALIGN (0x2)
                0x008000a6                _edata = .
                0x008000a6                PROVIDE (__data_end, .)

.bss            0x008000a6        0x9
                0x008000a6                PROVIDE (__bss_start, .)
 *(.bss)
 .bss           0x008000a6        0x0 c:/winavr/bin/../lib/gcc/avr/4.3.3/../../../../avr/lib/avr4/crtm8.o
 .bss           0x008000a6        0x1 prj//main.o
 .bss           0x008000a7        0x0 prj//lcd.o
 .bss           0x008000a7        0x0 prj//i2c.o
 .bss           0x008000a7        0x0 c:/winavr/bin/../lib/gcc/avr/4.3.3/avr4\libgcc.a(_exit.o)
 .bss           0x008000a7        0x0 c:/winavr/bin/../lib/gcc/avr/4.3.3/avr4\libgcc.a(_copy_data.o)
 .bss           0x008000a7        0x0 c:/winavr/bin/../lib/gcc/avr/4.3.3/avr4\libgcc.a(_clear_bss.o)
 .bss           0x008000a7        0x0 c:/winavr/bin/../lib/gcc/avr/4.3.3/../../../../avr/lib/avr4\libc.a(eerd_byte_atmega8.o)
 .bss           0x008000a7        0x0 c:/winavr/bin/../lib/gcc/avr/4.3.3/../../../../avr/lib/avr4\libc.a(eerd_word_atmega8.o)
 .bss           0x008000a7        0x0 c:/winavr/bin/../lib/gcc/avr/4.3.3/../../../../avr/lib/avr4\libc.a(eerd_block_atmega8.o)
 *(.bss*)
 *(COMMON)
 COMMON         0x008000a7        0x8 prj//main.o
                0x008000a7                sec_one
                0x008000a8                msec
                0x008000aa                min_ten
                0x008000ab                sec_ten
                0x008000ac                hour_ten
                0x008000ad                min_one
                0x008000ae                hour_one
                0x008000af                PROVIDE (__bss_end, .)
                0x00000cb2                __data_load_start = LOADADDR (.data)
                0x00000cf8                __data_load_end = (__data_load_start + SIZEOF (.data))

.noinit         0x008000af        0x0
                0x008000af                PROVIDE (__noinit_start, .)
 *(.noinit*)
                0x008000af                PROVIDE (__noinit_end, .)
                0x008000af                _end = .
                0x008000af                PROVIDE (__heap_start, .)

.eeprom         0x00810000        0x9
 *(.eeprom*)
 .eeprom        0x00810000        0x9 prj//main.o
                0x00810008                EE_init_min_one
                0x00810005                EE_init_hour_ten
                0x00810003                EE_timer_reg_val
                0x00810006                EE_init_hour_one
                0x00810000                EE_timer_cal_div
                0x00810001                EE_timer_cal_val
                0x00810007                EE_init_min_ten
                0x00810009                __eeprom_end = .

.fuse
 *(.fuse)
 *(.lfuse)
 *(.hfuse)
 *(.efuse)

.lock
 *(.lock*)

.signature
 *(.signature*)

.stab
 *(.stab)

.stabstr
 *(.stabstr)

.stab.excl
 *(.stab.excl)

.stab.exclstr
 *(.stab.exclstr)

.stab.index
 *(.stab.index)

.stab.indexstr
 *(.stab.indexstr)

.comment
 *(.comment)

.debug
 *(.debug)

.line
 *(.line)

.debug_srcinfo
 *(.debug_srcinfo)

.debug_sfnames
 *(.debug_sfnames)

.debug_aranges  0x00000000       0x60
 *(.debug_aranges)
 .debug_aranges
                0x00000000       0x20 prj//main.o
 .debug_aranges
                0x00000020       0x20 prj//lcd.o
 .debug_aranges
                0x00000040       0x20 prj//i2c.o

.debug_pubnames
                0x00000000      0x2a0
 *(.debug_pubnames)
 .debug_pubnames
                0x00000000      0x144 prj//main.o
 .debug_pubnames
                0x00000144       0xfa prj//lcd.o
 .debug_pubnames
                0x0000023e       0x62 prj//i2c.o

.debug_info     0x00000000      0xa8b
 *(.debug_info)
 .debug_info    0x00000000      0x21f prj//main.o
 .debug_info    0x0000021f      0x7a0 prj//lcd.o
 .debug_info    0x000009bf       0xcc prj//i2c.o
 *(.gnu.linkonce.wi.*)

.debug_abbrev   0x00000000      0x25d
 *(.debug_abbrev)
 .debug_abbrev  0x00000000       0xb2 prj//main.o
 .debug_abbrev  0x000000b2      0x132 prj//lcd.o
 .debug_abbrev  0x000001e4       0x79 prj//i2c.o

.debug_line     0x00000000      0x751
 *(.debug_line)
 .debug_line    0x00000000      0x204 prj//main.o
 .debug_line    0x00000204      0x426 prj//lcd.o
 .debug_line    0x0000062a      0x127 prj//i2c.o

.debug_frame    0x00000000      0x180
 *(.debug_frame)
 .debug_frame   0x00000000       0x30 prj//main.o
 .debug_frame   0x00000030      0x100 prj//lcd.o
 .debug_frame   0x00000130       0x50 prj//i2c.o

.debug_str      0x00000000      0x357
 *(.debug_str)
 .debug_str     0x00000000      0x169 prj//main.o
                                0x1f8 (size before relaxing)
 .debug_str     0x00000169      0x1a8 prj//lcd.o
                                0x2b8 (size before relaxing)
 .debug_str     0x00000311       0x46 prj//i2c.o
                                0x125 (size before relaxing)

.debug_loc      0x00000000      0x576
 *(.debug_loc)
 .debug_loc     0x00000000      0x563 prj//lcd.o
 .debug_loc     0x00000563       0x13 prj//i2c.o

.debug_macinfo
 *(.debug_macinfo)
OUTPUT(main.elf elf32-avr)
LOAD linker stubs

.debug_ranges   0x00000000       0x18
 .debug_ranges  0x00000000       0x18 prj//lcd.o

Cross Reference Table

Symbol                                            File
EE_init_hour_one                                  prj//main.o
EE_init_hour_ten                                  prj//main.o
EE_init_min_one                                   prj//main.o
EE_init_min_ten                                   prj//main.o
EE_timer_cal_div                                  prj//main.o
EE_timer_cal_val                                  prj//main.o
EE_timer_reg_val                                  prj//main.o
__bad_interrupt                                   c:/winavr/bin/../lib/gcc/avr/4.3.3/../../../../avr/lib/avr4/crtm8.o
__bss_end                                         c:/winavr/bin/../lib/gcc/avr/4.3.3/avr4\libgcc.a(_clear_bss.o)
__bss_start                                       c:/winavr/bin/../lib/gcc/avr/4.3.3/avr4\libgcc.a(_clear_bss.o)
__data_end                                        c:/winavr/bin/../lib/gcc/avr/4.3.3/avr4\libgcc.a(_copy_data.o)
__data_load_start                                 c:/winavr/bin/../lib/gcc/avr/4.3.3/avr4\libgcc.a(_copy_data.o)
__data_start                                      c:/winavr/bin/../lib/gcc/avr/4.3.3/avr4\libgcc.a(_copy_data.o)
__do_clear_bss                                    c:/winavr/bin/../lib/gcc/avr/4.3.3/avr4\libgcc.a(_clear_bss.o)
                                                  prj//main.o
__do_copy_data                                    c:/winavr/bin/../lib/gcc/avr/4.3.3/avr4\libgcc.a(_copy_data.o)
                                                  prj//lcd.o
                                                  prj//main.o
__eerd_block_m8                                   c:/winavr/bin/../lib/gcc/avr/4.3.3/../../../../avr/lib/avr4\libc.a(eerd_block_atmega8.o)
__eerd_blraw_m8                                   c:/winavr/bin/../lib/gcc/avr/4.3.3/../../../../avr/lib/avr4\libc.a(eerd_block_atmega8.o)
                                                  c:/winavr/bin/../lib/gcc/avr/4.3.3/../../../../avr/lib/avr4\libc.a(eerd_word_atmega8.o)
__eerd_byte_m8                                    c:/winavr/bin/../lib/gcc/avr/4.3.3/../../../../avr/lib/avr4\libc.a(eerd_byte_atmega8.o)
                                                  prj//main.o
__eerd_word_m8                                    c:/winavr/bin/../lib/gcc/avr/4.3.3/../../../../avr/lib/avr4\libc.a(eerd_word_atmega8.o)
                                                  prj//main.o
__heap_end                                        c:/winavr/bin/../lib/gcc/avr/4.3.3/../../../../avr/lib/avr4/crtm8.o
__init                                            c:/winavr/bin/../lib/gcc/avr/4.3.3/../../../../avr/lib/avr4/crtm8.o
__stack                                           c:/winavr/bin/../lib/gcc/avr/4.3.3/../../../../avr/lib/avr4/crtm8.o
__vector_1                                        c:/winavr/bin/../lib/gcc/avr/4.3.3/../../../../avr/lib/avr4/crtm8.o
__vector_10                                       c:/winavr/bin/../lib/gcc/avr/4.3.3/../../../../avr/lib/avr4/crtm8.o
__vector_11                                       c:/winavr/bin/../lib/gcc/avr/4.3.3/../../../../avr/lib/avr4/crtm8.o
__vector_12                                       c:/winavr/bin/../lib/gcc/avr/4.3.3/../../../../avr/lib/avr4/crtm8.o
__vector_13                                       c:/winavr/bin/../lib/gcc/avr/4.3.3/../../../../avr/lib/avr4/crtm8.o
__vector_14                                       c:/winavr/bin/../lib/gcc/avr/4.3.3/../../../../avr/lib/avr4/crtm8.o
__vector_15                                       c:/winavr/bin/../lib/gcc/avr/4.3.3/../../../../avr/lib/avr4/crtm8.o
__vector_16                                       c:/winavr/bin/../lib/gcc/avr/4.3.3/../../../../avr/lib/avr4/crtm8.o
__vector_17                                       c:/winavr/bin/../lib/gcc/avr/4.3.3/../../../../avr/lib/avr4/crtm8.o
__vector_18                                       c:/winavr/bin/../lib/gcc/avr/4.3.3/../../../../avr/lib/avr4/crtm8.o
__vector_2                                        c:/winavr/bin/../lib/gcc/avr/4.3.3/../../../../avr/lib/avr4/crtm8.o
__vector_3                                        c:/winavr/bin/../lib/gcc/avr/4.3.3/../../../../avr/lib/avr4/crtm8.o
__vector_4                                        c:/winavr/bin/../lib/gcc/avr/4.3.3/../../../../avr/lib/avr4/crtm8.o
__vector_5                                        c:/winavr/bin/../lib/gcc/avr/4.3.3/../../../../avr/lib/avr4/crtm8.o
__vector_6                                        prj//main.o
                                                  c:/winavr/bin/../lib/gcc/avr/4.3.3/../../../../avr/lib/avr4/crtm8.o
__vector_7                                        c:/winavr/bin/../lib/gcc/avr/4.3.3/../../../../avr/lib/avr4/crtm8.o
__vector_8                                        c:/winavr/bin/../lib/gcc/avr/4.3.3/../../../../avr/lib/avr4/crtm8.o
__vector_9                                        c:/winavr/bin/../lib/gcc/avr/4.3.3/../../../../avr/lib/avr4/crtm8.o
__vector_default                                  c:/winavr/bin/../lib/gcc/avr/4.3.3/../../../../avr/lib/avr4/crtm8.o
__vectors                                         c:/winavr/bin/../lib/gcc/avr/4.3.3/../../../../avr/lib/avr4/crtm8.o
_exit                                             c:/winavr/bin/../lib/gcc/avr/4.3.3/avr4\libgcc.a(_exit.o)
exit                                              c:/winavr/bin/../lib/gcc/avr/4.3.3/avr4\libgcc.a(_exit.o)
                                                  c:/winavr/bin/../lib/gcc/avr/4.3.3/../../../../avr/lib/avr4/crtm8.o
hour_one                                          prj//main.o
hour_ten                                          prj//main.o
i2c_init                                          prj//i2c.o
                                                  prj//lcd.o
lcd_clear_bigc                                    prj//lcd.o
lcd_clrscr                                        prj//lcd.o
                                                  prj//main.o
lcd_command                                       prj//lcd.o
lcd_data                                          prj//lcd.o
lcd_gotoxy                                        prj//lcd.o
                                                  prj//main.o
lcd_home                                          prj//lcd.o
                                                  prj//main.o
lcd_init                                          prj//lcd.o
                                                  prj//main.o
lcd_invert                                        prj//lcd.o
lcd_put_bigc                                      prj//lcd.o
lcd_putc                                          prj//lcd.o
lcd_puts                                          prj//lcd.o
                                                  prj//main.o
lcd_puts_p                                        prj//lcd.o
lcd_send_i2c_byte                                 prj//i2c.o
                                                  prj//lcd.o
lcd_send_i2c_start                                prj//i2c.o
                                                  prj//lcd.o
lcd_send_i2c_stop                                 prj//i2c.o
                                                  prj//lcd.o
lcd_set_contrast                                  prj//lcd.o
                                                  prj//main.o
lcd_update_4                                      prj//lcd.o
                                                  prj//main.o
lcd_update_6                                      prj//lcd.o
main                                              prj//main.o
                                                  c:/winavr/bin/../lib/gcc/avr/4.3.3/../../../../avr/lib/avr4/crtm8.o
min_one                                           prj//main.o
min_ten                                           prj//main.o
msec                                              prj//main.o
sec_one                                           prj//main.o
sec_ten                                           prj//main.o
timer_cal_div                                     prj//main.o
timer_cal_val                                     prj//main.o
timer_reg_val                                     prj//main.o
